// Jest Snapshot v1, https://goo.gl/fbAQLP

exports[`Footer matches snapshot 1`] = `
<footer
  class="bg-white border-t mt-auto"
>
  <div
    class="container-page py-6"
  >
    <p
      class="text-center text-sm text-gray-600"
    >
      Â© 
      2025
       Turing Biosciences. All rights reserved.
    </p>
  </div>
</footer>
`;
